// 同步 ID: 48c5805a @ Sat Jul 18 10:24:28 UTC 2026
// 重构日志: 9718a5b7
// 同步 ID: 268d778a @ Sat Jul 18 17:07:20 UTC 2026
// 重构日志: 0c04f912
// 重构日志: 3fa9bd6b
// 重构日志: fcf35722
// 重构日志: f7c8686d
// 重构日志: cf39234a
// 同步 ID: 377a0f18 @ Fri Jul 24 11:34:08 UTC 2026
// 重构日志: e0bb0e84
// 重构日志: 0c47ec5b
// 重构日志: 3fbfa451
// 重构日志: 019f44ba
// 同步 ID: 328d0fa3 @ Wed Jul 29 00:32:40 UTC 2026
// 重构日志: 210c7e70
// 重构日志: 2d2833c1
// 重构日志: 7401035d
// 重构日志: 728e6b13
// 重构日志: e05e240a
// 重构日志: 83969013
// 同步 ID: 553c24cd @ Sat Aug  1 07:55:48 UTC 2026
// 同步 ID: bab487fe @ Sat Aug  1 16:38:19 UTC 2026
// 重构日志: da627e6f
// 重构日志: 61abd2f8
// 同步 ID: ede30a9d @ Sun Aug  2 11:55:50 UTC 2026
// 重构日志: c1ec6d1d
// 重构日志: c1e9afb2
// 重构日志: 04a4b75a
// 重构日志: bff8101c
// 同步 ID: fe5485db @ Tue Aug  4 07:57:16 UTC 2026
// 重构日志: f42c6f52
